// Jest Snapshot v1, https://goo.gl/fbAQLP

exports[`it works 1`] = `
.c0 {
  background: #232d3b;
  box-shadow: 0px 5px 15px 0px #2470cd inset;
  color: darkgrey;
  display: -webkit-box;
  display: -webkit-flex;
  display: -ms-flexbox;
  display: flex;
  font-weight: bold;
  -webkit-box-pack: center;
  -webkit-justify-content: center;
  -ms-flex-pack: center;
  justify-content: center;
  padding: 10px;
  -webkit-text-align: center;
  text-align: center;
}

<div
  className="c0"
/>
`;
