// Jest Snapshot v1, https://goo.gl/fbAQLP

exports[`it works 1`] = `
.c0 {
  -webkit-text-align: right;
  text-align: right;
}

<ul
  className="c0"
/>
`;

exports[`it works 2`] = `
.c0 {
  cursor: pointer;
  display: inline-block;
  list-style-type: none;
  margin-left: 10px;
  padding: 5px 10px;
}

<li
  className="c0"
/>
`;
